#-----------------------------------------------------------
# Vivado v2024.1 (64-bit)
# SW Build 5076996 on Wed May 22 18:37:14 MDT 2024
# IP Build 5075265 on Wed May 22 21:45:21 MDT 2024
# SharedData Build 5076995 on Wed May 22 18:29:18 MDT 2024
# Start of session at: Sat Oct 12 14:25:12 2024
# Process ID: 11892
# Current directory: C:/Users/cyphercon8/Project/Firmware-Creation/PCIeSquirrel/pcileech_squirrel/pcileech_squirrel.runs/bram_bar_zero4k_synth_1
# Command line: vivado.exe -log bram_bar_zero4k.vds -product Vivado -mode batch -messageDb vivado.pb -notrace -source bram_bar_zero4k.tcl
# Log file: C:/Users/cyphercon8/Project/Firmware-Creation/PCIeSquirrel/pcileech_squirrel/pcileech_squirrel.runs/bram_bar_zero4k_synth_1/bram_bar_zero4k.vds
# Journal file: C:/Users/cyphercon8/Project/Firmware-Creation/PCIeSquirrel/pcileech_squirrel/pcileech_squirrel.runs/bram_bar_zero4k_synth_1\vivado.jou
# Running On        :DESKTOP-SEFLBJS
# Platform          :Windows Server 2016 or Windows 10
# Operating System  :19044
# Processor Detail  :Intel(R) Core(TM) i5-4570 CPU @ 3.20GHz
# CPU Frequency     :3193 MHz
# CPU Physical cores:4
# CPU Logical cores :4
# Host memory       :34249 MB
# Swap memory       :5368 MB
# Total Virtual     :39618 MB
# Available Virtual :25694 MB
#-----------------------------------------------------------
source bram_bar_zero4k.tcl -notrace
